
> @workspace/asr-logistics@0.0.0 build
> vite build --config vite.config.ts

[36mvite v7.3.3 [32mbuilding client environment for production...[36m[39m
transforming...
node.exe : [33msrc/components/ui/tooltip.tsx (2:0): Error when using 
sourcemap for reporting an error: Can't resolve original location of 
error.[39m
At line:1 char:1
+ & "C:\Program Files\nodejs/node.exe" "C:\Program Files\nodejs/node_mo ...
+ ~~~~~~~~~~~~~~~~~~~~~~~~~~~~~~~~~~~~~~~~~~~~~~~~~~~~~~~~~~~~~~~~~~~~~
    + CategoryInfo          : NotSpecified: ([33msrc/compon... of error.[39m 
   :String) [], RemoteException
    + FullyQualifiedErrorId : NativeCommandError
 
[33msrc/components/ui/select.tsx (2:0): Error when using sourcemap for 
reporting an error: Can't resolve original location of error.[39m
[33msrc/components/ui/label.tsx (2:0): Error when using sourcemap for 
reporting an error: Can't resolve original location of error.[39m
[32mΓ£ô[39m 2910 modules transformed.
[33mCircular chunk: vendor-other -> vendor-react -> vendor-other. Please 
adjust the manual chunk logic for these chunks.[39m
rendering chunks...
computing gzip size...
[2mdist/public/[22m[32mindex.html                          [39m[1m[2m  1.41 kB[22m[1m[22m[2m Γöé gzip:   0.54 kB[22m
[2mdist/public/[22m[35massets/vendor-leaflet-CIGW-MKW.css  [39m[1m[2m 15.61 kB[22m[1m[22m[2m Γöé gzip:   6.46 kB[22m
[2mdist/public/[22m[35massets/index-WoLJoPjV.css           [39m[1m[2m118.65 kB[22m[1m[22m[2m Γöé gzip:  19.56 kB[22m
[2mdist/public/[22m[36massets/shipment-map-CgrU9v-z.js     [39m[1m[2m  1.36 kB[22m[1m[22m[2m Γöé gzip:   0.71 kB[22m
[2mdist/public/[22m[36massets/vendor-query-CCMz2E7F.js     [39m[1m[2m  2.73 kB[22m[1m[22m[2m Γöé gzip:   1.25 kB[22m
[2mdist/public/[22m[36massets/vendor-motion-DedjfMr9.js    [39m[1m[2m 28.41 kB[22m[1m[22m[2m Γöé gzip:   9.70 kB[22m
[2mdist/public/[22m[36massets/vendor-radix-DIJkYw17.js     [39m[1m[2m 69.60 kB[22m[1m[22m[2m Γöé gzip:  20.54 kB[22m
[2mdist/public/[22m[36massets/index-Va5vWlli.js            [39m[1m[2m105.43 kB[22m[1m[22m[2m Γöé gzip:  25.39 kB[22m
[2mdist/public/[22m[36massets/vendor-leaflet-BWgufq_i.js   [39m[1m[2m153.97 kB[22m[1m[22m[2m Γöé gzip:  44.92 kB[22m
[2mdist/public/[22m[36massets/vendor-react-ufr3z09F.js     [39m[1m[2m226.95 kB[22m[1m[22m[2m Γöé gzip:  71.94 kB[22m
[2mdist/public/[22m[36massets/vendor-charts-CNJn_cfj.js    [39m[1m[2m268.25 kB[22m[1m[22m[2m Γöé gzip:  61.80 kB[22m
[2mdist/public/[22m[36massets/vendor-other-DlCHgAjO.js     [39m[1m[2m311.61 kB[22m[1m[22m[2m Γöé gzip: 105.75 kB[22m
[32mΓ£ô built in 21.87s[39m
